// Jest Snapshot v1, https://goo.gl/fbAQLP

exports[`Pruebas en GifGridItem Debe mostrar el componente correctamente 1`] = `
<div
  className="card animate__animated animate__bounce"
>
  <img
    alt="Un título"
    src="https://locahost.algo.jpg"
  />
  <p>
    Un título
  </p>
</div>
`;
